
> accounting-backend@1.0.0 build
> nest build

node.exe : [96msrc/inventory/dto/update-inventory.dto.ts[0m:[93m2[0m:[93m29[0m - [91merror[0m[90m TS2307: 
[0mCannot find module '@nestjs/mapped-types' or its corresponding type declarations.
At line:1 char:1
+ & "C:\Program Files\nodejs/node.exe" "C:\Program Files\nodejs/node_mo ...
+ ~~~~~~~~~~~~~~~~~~~~~~~~~~~~~~~~~~~~~~~~~~~~~~~~~~~~~~~~~~~~~~~~~~~~~
    + CategoryInfo          : NotSpecified: ([96msrc/invent...e declarations.:String) [], RemoteException
    + FullyQualifiedErrorId : NativeCommandError
 

[7m2[0m import { PartialType } from '@nestjs/mapped-types';
[7m [0m [91m                            ~~~~~~~~~~~~~~~~~~~~~~[0m
[96msrc/inventory/inventory.controller.ts[0m:[93m26[0m:[93m29[0m - [91merror[0m[90m TS2304: [0mCannot find 
name 'CreateInventoryDto'.

[7m26[0m   async create(@Body() dto: CreateInventoryDto, @User('userId') userId: number) {
[7m  [0m [91m                            ~~~~~~~~~~~~~~~~~~[0m
[96msrc/inventory/inventory.controller.ts[0m:[93m44[0m:[93m68[0m - [91merror[0m[90m TS2304: [0mCannot find 
name 'UpdateInventoryDto'.

[7m44[0m   async update(@Param('id', ParseIntPipe) id: number, @Body() dto: UpdateInventoryDto, @User('userId') 
userId: number) {
[7m  [0m [91m                                                                   ~~~~~~~~~~~~~~~~~~[0m
[96msrc/inventory/inventory.controller.ts[0m:[93m49[0m:[93m10[0m - [91merror[0m[90m TS2552: [0mCannot find 
name 'Role'. Did you mean 'Roles'?

[7m49[0m   @Roles(Role.ADMIN)
[7m  [0m [91m         ~~~~[0m
[96msrc/inventory/inventory.service.ts[0m:[93m44[0m:[93m13[0m - [91merror[0m[90m TS2339: [0mProperty 'name' 
does not exist on type 'UpdateInventoryDto'.

[7m44[0m     if (dto.name) {
[7m  [0m [91m            ~~~~[0m
[96msrc/inventory/inventory.service.ts[0m:[93m45[0m:[93m89[0m - [91merror[0m[90m TS2339: [0mProperty 'name' 
does not exist on type 'UpdateInventoryDto'.

[7m45[0m       const duplicate = await this.prisma.inventoryItem.findUnique({ where: { name: dto.name } });
[7m  [0m [91m                                                                                        ~~~~[0m
[96msrc/inventory/inventory.service.ts[0m:[93m53[0m:[93m19[0m - [91merror[0m[90m TS2339: [0mProperty 'name' 
does not exist on type 'UpdateInventoryDto'.

[7m53[0m         name: dto.name,
[7m  [0m [91m                  ~~~~[0m
[96msrc/inventory/inventory.service.ts[0m:[93m54[0m:[93m23[0m - [91merror[0m[90m TS2339: [0mProperty 
'quantity' does not exist on type 'UpdateInventoryDto'.

[7m54[0m         quantity: dto.quantity !== undefined ? dto.quantity : undefined,
[7m  [0m [91m                      ~~~~~~~~[0m
[96msrc/inventory/inventory.service.ts[0m:[93m54[0m:[93m52[0m - [91merror[0m[90m TS2339: [0mProperty 
'quantity' does not exist on type 'UpdateInventoryDto'.

[7m54[0m         quantity: dto.quantity !== undefined ? dto.quantity : undefined,
[7m  [0m [91m                                                   ~~~~~~~~[0m
[96msrc/inventory/inventory.service.ts[0m:[93m55[0m:[93m23[0m - [91merror[0m[90m TS2339: [0mProperty 
'unitCost' does not exist on type 'UpdateInventoryDto'.

[7m55[0m         unitCost: dto.unitCost !== undefined ? dto.unitCost : undefined,
[7m  [0m [91m                      ~~~~~~~~[0m
[96msrc/inventory/inventory.service.ts[0m:[93m55[0m:[93m52[0m - [91merror[0m[90m TS2339: [0mProperty 
'unitCost' does not exist on type 'UpdateInventoryDto'.

[7m55[0m         unitCost: dto.unitCost !== undefined ? dto.unitCost : undefined,
[7m  [0m [91m                                                   ~~~~~~~~[0m
[96msrc/main.ts[0m:[93m10[0m:[93m11[0m - [91merror[0m[90m TS2349: [0mThis expression is not callable.
  Type 'typeof import("C:/Users/USER/Desktop/Account system/backend/node_modules/helmet/index")' has no call 
signatures.

[7m10[0m   app.use(helmet());
[7m  [0m [91m          ~~~~~~[0m
[96msrc/purchases/purchases.controller.ts[0m:[93m30[0m:[93m10[0m - [91merror[0m[90m TS2552: [0mCannot find 
name 'Role'. Did you mean 'Roles'?

[7m30[0m   @Roles(Role.ADMIN, Role.ACCOUNTANT)
[7m  [0m [91m         ~~~~[0m
[96msrc/purchases/purchases.controller.ts[0m:[93m30[0m:[93m22[0m - [91merror[0m[90m TS2552: [0mCannot find 
name 'Role'. Did you mean 'Roles'?

[7m30[0m   @Roles(Role.ADMIN, Role.ACCOUNTANT)
[7m  [0m [91m                     ~~~~[0m
[96msrc/purchases/purchases.controller.ts[0m:[93m36[0m:[93m10[0m - [91merror[0m[90m TS2552: [0mCannot find 
name 'Role'. Did you mean 'Roles'?

[7m36[0m   @Roles(Role.ADMIN, Role.ACCOUNTANT)
[7m  [0m [91m         ~~~~[0m
[96msrc/purchases/purchases.controller.ts[0m:[93m36[0m:[93m22[0m - [91merror[0m[90m TS2552: [0mCannot find 
name 'Role'. Did you mean 'Roles'?

[7m36[0m   @Roles(Role.ADMIN, Role.ACCOUNTANT)
[7m  [0m [91m                     ~~~~[0m
[96msrc/reports/reports.service.ts[0m:[93m4[0m:[93m29[0m - [91merror[0m[90m TS2497: [0mThis module can only 
be referenced with ECMAScript imports/exports by turning on the 'esModuleInterop' flag and referencing its default 
export.

[7m4[0m import * as PdfPrinter from 'pdfmake';
[7m [0m [91m                            ~~~~~~~~~[0m
[96msrc/reports/reports.service.ts[0m:[93m92[0m:[93m49[0m - [91merror[0m[90m TS2345: [0mArgument of type '{ 
content: ({ text: string; style: string; margin?: undefined; table?: undefined; } | { text: string; margin: number[]; 
style?: undefined; table?: undefined; } | { table: { widths: string[]; body: string[][]; }; text?: undefined; style?: 
undefined; margin?: undefined; })[]; styles: { ...; }; }' is not assignable to parameter of type 
'TDocumentDefinitions'.
  Types of property 'content' are incompatible.
    Type '({ text: string; style: string; margin?: undefined; table?: undefined; } | { text: string; margin: number[]; 
style?: undefined; table?: undefined; } | { table: { widths: string[]; body: string[][]; }; text?: undefined; style?: 
undefined; margin?: undefined; })[]' is not assignable to type 'Content'.
      Type '({ text: string; style: string; margin?: undefined; table?: undefined; } | { text: string; margin: 
number[]; style?: undefined; table?: undefined; } | { table: { widths: string[]; body: string[][]; }; text?: 
undefined; style?: undefined; margin?: undefined; })[]' is not assignable to type 'Content[]'.
Found 18 error(s).

        Type '{ text: string; style: string; margin?: undefined; table?: undefined; } | { text: string; margin: 
number[]; style?: undefined; table?: undefined; } | { table: { widths: string[]; body: string[][]; }; text?: 
undefined; style?: undefined; margin?: undefined; }' is not assignable to type 'Content'.
          Type '{ text: string; style: string; margin?: undefined; table?: undefined; }' is not assignable to type 
'Content'.
            Property 'canvas' is missing in type '{ text: string; style: string; margin?: undefined; table?: 
undefined; }' but required in type 'ContentCanvas'.

[7m92[0m     const pdfDoc = printer.createPdfKitDocument(docDefinition);
[7m  [0m [91m                                                ~~~~~~~~~~~~~[0m

  [96mnode_modules/@types/pdfmake/interfaces.d.ts[0m:[93m1046[0m:[93m5[0m
    [7m1046[0m     canvas: CanvasElement[];
    [7m    [0m [96m    ~~~~~~[0m
    'canvas' is declared here.

